#-----------------------------------------------------------
# Vivado v2023.2 (64-bit)
# SW Build 4029153 on Fri Oct 13 20:14:34 MDT 2023
# IP Build 4028589 on Sat Oct 14 00:45:43 MDT 2023
# SharedData Build 4025554 on Tue Oct 10 17:18:54 MDT 2023
# Start of session at: Wed Jun 12 19:29:11 2024
# Process ID: 8824
# Current directory: C:/Users/Acer/OneDrive/Desktop/All Folder In One/Vivado Code Folder/5 Stage Pipline In MISI 32 Bit System/5 Stage Pipline In MISI 32 Bit System.runs/synth_1
# Command line: vivado.exe -log thirtytwoBitFullAdder.vds -product Vivado -mode batch -messageDb vivado.pb -notrace -source thirtytwoBitFullAdder.tcl
# Log file: C:/Users/Acer/OneDrive/Desktop/All Folder In One/Vivado Code Folder/5 Stage Pipline In MISI 32 Bit System/5 Stage Pipline In MISI 32 Bit System.runs/synth_1/thirtytwoBitFullAdder.vds
# Journal file: C:/Users/Acer/OneDrive/Desktop/All Folder In One/Vivado Code Folder/5 Stage Pipline In MISI 32 Bit System/5 Stage Pipline In MISI 32 Bit System.runs/synth_1\vivado.jou
# Running On: LAPTOP-8RAI27Q6, OS: Windows, CPU Frequency: 2496 MHz, CPU Physical cores: 8, Host memory: 16931 MB
#-----------------------------------------------------------
source thirtytwoBitFullAdder.tcl -notrace
